// Jest Snapshot v1, https://goo.gl/fbAQLP

exports[`Todo app test case todo app snapshot testing 1`] = `
<View
  style={
    {
      "flex": 1,
      "paddingHorizontal": 20,
    }
  }
>
  <Text
    style={
      {
        "fontSize": 20,
        "fontWeight": "bold",
        "textAlign": "center",
      }
    }
  >
    TodoApp
  </Text>
  <Text
    style={
      {
        "fontSize": 16,
        "textAlign": "right",
      }
    }
  >
    0 todo remaining
  </Text>
  <View
    style={
      {
        "marginTop": 20,
      }
    }
  >
    <TextInput
      onChangeText={[Function]}
      placeholder="Enter to name"
      style={
        {
          "backgroundColor": "white",
          "height": 45,
          "width": "100%",
        }
      }
      value=""
    />
    <View
      style={
        {
          "marginTop": 20,
        }
      }
    >
      <View
        accessibilityRole="button"
        accessibilityState={
          {
            "busy": undefined,
            "checked": undefined,
            "disabled": undefined,
            "expanded": undefined,
            "selected": undefined,
          }
        }
        accessibilityValue={
          {
            "max": undefined,
            "min": undefined,
            "now": undefined,
            "text": undefined,
          }
        }
        accessible={true}
        collapsable={false}
        focusable={true}
        onClick={[Function]}
        onResponderGrant={[Function]}
        onResponderMove={[Function]}
        onResponderRelease={[Function]}
        onResponderTerminate={[Function]}
        onResponderTerminationRequest={[Function]}
        onStartShouldSetResponder={[Function]}
        style={
          {
            "opacity": 1,
          }
        }
        testID="add-todo"
      >
        <View
          style={
            [
              {},
            ]
          }
        >
          <Text
            style={
              [
                {
                  "color": "#007AFF",
                  "fontSize": 18,
                  "margin": 8,
                  "textAlign": "center",
                },
              ]
            }
          >
            Add Todo
          </Text>
        </View>
      </View>
    </View>
  </View>
  <View
    style={
      {
        "marginTop": 15,
      }
    }
  >
    <RCTScrollView
      data={[]}
      getItem={[Function]}
      getItemCount={[Function]}
      keyExtractor={[Function]}
      onContentSizeChange={[Function]}
      onLayout={[Function]}
      onMomentumScrollBegin={[Function]}
      onMomentumScrollEnd={[Function]}
      onScroll={[Function]}
      onScrollBeginDrag={[Function]}
      onScrollEndDrag={[Function]}
      removeClippedSubviews={false}
      renderItem={[Function]}
      scrollEventThrottle={50}
      stickyHeaderIndices={[]}
      viewabilityConfigCallbackPairs={[]}
    >
      <View />
    </RCTScrollView>
  </View>
</View>
`;
